<?xml version="1.0" encoding="UTF-8"?>
<testsuites>
  <testsuite name="My Test Suite" tests="4" assertions="8" failures="0" errors="0" time="0.004984">
    <testsuite name="QuafziTest\WeatherTest" file="/var/www/talks/behat-example/tests/Quafzi/WeatherTest.php" namespace="QuafziTest" fullPackage="QuafziTest" tests="4" assertions="8" failures="0" errors="0" time="0.004984">
      <testcase name="testParseInputValid" class="QuafziTest\WeatherTest" file="/var/www/talks/behat-example/tests/Quafzi/WeatherTest.php" line="9" assertions="3" time="0.003402"/>
      <testcase name="testGetCloudiness" class="QuafziTest\WeatherTest" file="/var/www/talks/behat-example/tests/Quafzi/WeatherTest.php" line="18" assertions="4" time="0.000381"/>
      <testcase name="testGetSummary" class="QuafziTest\WeatherTest" file="/var/www/talks/behat-example/tests/Quafzi/WeatherTest.php" line="33" assertions="1" time="0.000759"/>
      <testcase name="testParseInputInvalid" class="QuafziTest\WeatherTest" file="/var/www/talks/behat-example/tests/Quafzi/WeatherTest.php" line="42" assertions="0" time="0.000442"/>
    </testsuite>
  </testsuite>
</testsuites>
